nohup: ignoring input
openjdk version "25.0.4.1" 2026-08-18 LTS
OpenJDK Runtime Environment Microsoft-14951822 (build 25.0.4.1+1-LTS)
OpenJDK 64-Bit Server VM Microsoft-14951822 (build 25.0.4.1+1-LTS, mixed mode)
INFO  Using log config file: jar:file:/workspaces/BedrockTools-Mod/ghidra_11.0.3_PUBLIC/Ghidra/Framework/Generic/lib/Generic.jar!/generic.log4j.xml (LoggingInitialization)  
INFO  Using log file: /home/codespace/.ghidra/.ghidra_11.0.3_PUBLIC/application.log (LoggingInitialization)  
INFO  Loading user preferences: /home/codespace/.ghidra/.ghidra_11.0.3_PUBLIC/preferences (Preferences)  
INFO  Searching for classes... (ClassSearcher)  
WARNING: A restricted method in java.lang.System has been called
WARNING: java.lang.System::load has been called by com.sun.jna.Native in an unnamed module (file:/workspaces/BedrockTools-Mod/ghidra_11.0.3_PUBLIC/Ghidra/Debug/Framework-Debugging/lib/jna-5.4.0.jar)
WARNING: Use --enable-native-access=ALL-UNNAMED to avoid a warning for callers in this module
WARNING: Restricted methods will be blocked in a future release unless native access is enabled

INFO  Class search complete (3267 ms) (ClassSearcher)  
INFO  Initializing SSL Context (SSLContextInitializer)  
INFO  Initializing Random Number Generator... (SecureRandomFactory)  
INFO  Random Number Generator initialization complete: NativePRNGNonBlocking (SecureRandomFactory)  
INFO  Trust manager disabled, cacerts have not been set (ApplicationTrustManagerFactory)  
INFO  Starting cache cleanup: /tmp/codespace-Ghidra/fscache2 (FileCacheMaintenanceDaemon)  
INFO  Finished cache cleanup, estimated storage used: 0 (FileCacheMaintenanceDaemon)  
WARNING: A terminally deprecated method in sun.misc.Unsafe has been called
WARNING: sun.misc.Unsafe::staticFieldOffset has been called by org.apache.felix.framework.util.SecureAction (file:/workspaces/BedrockTools-Mod/ghidra_11.0.3_PUBLIC/Ghidra/Features/Base/lib/org.apache.felix.framework-7.0.3.jar)
WARNING: Please consider reporting this to the maintainers of class org.apache.felix.framework.util.SecureAction
WARNING: sun.misc.Unsafe::staticFieldOffset will be removed in a future release
INFO  HEADLESS Script Paths:
    /workspaces/BedrockTools-Mod/ghidra_11.0.3_PUBLIC/Ghidra/Processors/Atmel/ghidra_scripts
    /workspaces/BedrockTools-Mod/ghidra_11.0.3_PUBLIC/Ghidra/Debug/Debugger/ghidra_scripts
    /workspaces/BedrockTools-Mod/ghidra_11.0.3_PUBLIC/Ghidra/Features/SystemEmulation/ghidra_scripts
    /workspaces/BedrockTools-Mod/ghidra_11.0.3_PUBLIC/Ghidra/Debug/Debugger-rmi-trace/ghidra_scripts
    /workspaces/BedrockTools-Mod/ghidra_11.0.3_PUBLIC/Ghidra/Features/FileFormats/ghidra_scripts
    /workspaces/BedrockTools-Mod/ghidra_11.0.3_PUBLIC/Ghidra/Processors/8051/ghidra_scripts
    /workspaces/BedrockTools-Mod/ghidra_11.0.3_PUBLIC/Ghidra/Features/MicrosoftCodeAnalyzer/ghidra_scripts
    /workspaces/BedrockTools-Mod/ghidra_11.0.3_PUBLIC/Ghidra/Features/PDB/ghidra_scripts
    /workspaces/BedrockTools-Mod/ghidra_11.0.3_PUBLIC/Ghidra/Features/BSim/ghidra_scripts
    /workspaces/BedrockTools-Mod/ghidra_11.0.3_PUBLIC/Ghidra/Features/Python/ghidra_scripts
    /workspaces/BedrockTools-Mod/ghidra_11.0.3_PUBLIC/Ghidra/Processors/JVM/ghidra_scripts
    /workspaces/BedrockTools-Mod/ghidra_11.0.3_PUBLIC/Ghidra/Features/Base/ghidra_scripts
    /workspaces/BedrockTools-Mod/ghidra_11.0.3_PUBLIC/Ghidra/Debug/Debugger-agent-dbgmodel-traceloader/ghidra_scripts
    /workspaces/BedrockTools-Mod/ghidra_11.0.3_PUBLIC/Ghidra/Features/FunctionID/ghidra_scripts
    /workspaces/BedrockTools-Mod/.
    /workspaces/BedrockTools-Mod/ghidra_11.0.3_PUBLIC/Ghidra/Processors/DATA/ghidra_scripts
    /workspaces/BedrockTools-Mod/ghidra_11.0.3_PUBLIC/Ghidra/Features/Decompiler/ghidra_scripts
    /workspaces/BedrockTools-Mod/ghidra_11.0.3_PUBLIC/Ghidra/Features/VersionTracking/ghidra_scripts
    /workspaces/BedrockTools-Mod/ghidra_11.0.3_PUBLIC/Ghidra/Debug/Debugger-agent-frida/ghidra_scripts
    /workspaces/BedrockTools-Mod/ghidra_11.0.3_PUBLIC/Ghidra/Features/GnuDemangler/ghidra_scripts
    /workspaces/BedrockTools-Mod/ghidra_11.0.3_PUBLIC/Ghidra/Processors/PIC/ghidra_scripts
    /workspaces/BedrockTools-Mod/ghidra_11.0.3_PUBLIC/Ghidra/Features/BytePatterns/ghidra_scripts (HeadlessAnalyzer)  
ERROR REPORT SCRIPT ERROR: FindFall.py : Script not found: FindFall.py (HeadlessAnalyzer)  
ERROR Abort due to Headless analyzer error: Invalid script: FindFall.py (HeadlessAnalyzer) java.lang.IllegalArgumentException: Invalid script: FindFall.py
	at ghidra.app.util.headless.HeadlessAnalyzer.checkScript(HeadlessAnalyzer.java:801)
	at ghidra.app.util.headless.HeadlessAnalyzer.checkScriptsList(HeadlessAnalyzer.java:814)
	at ghidra.app.util.headless.HeadlessAnalyzer.compileScripts(HeadlessAnalyzer.java:848)
	at ghidra.app.util.headless.HeadlessAnalyzer.processLocal(HeadlessAnalyzer.java:421)
	at ghidra.app.util.headless.AnalyzeHeadless.launch(AnalyzeHeadless.java:127)
	at ghidra.GhidraLauncher.launch(GhidraLauncher.java:78)
	at ghidra.Ghidra.main(Ghidra.java:54)
 
